// Jest Snapshot v1, https://goo.gl/fbAQLP

exports[`<App /> スナップショット 1`] = `
<div
  className=""
>
  <h1>
    Hello 
    
  </h1>
  <input
    onChange={[Function]}
    value=""
  />
  <button
    onClick={[Function]}
  >
    送信
  </button>
</div>
`;

exports[`<Button /> スナップショット 1`] = `
<button
  onClick={[Function]}
>
  送信
</button>
`;

exports[`<Input /> スナップショット 1`] = `
<input
  onChange={[Function]}
  value="XXX"
/>
`;

exports[`<Title /> スナップショット 1`] = `
<h1>
  Hello 
  React
</h1>
`;
